limbo.are
ofcol2.are
shire.are
midgaard.are
museum.are
plains.are
arachnos.are
three.are
haon.are
canyon.are
catacomb.are
chapel.are
draconia.are
donjon.are
drow.are
thalos.are
dwarven.are
dylan.are
eastern.are
trade.are
gnome.are
grave.are
grove.are
hitower.are
mahntor.are
marsh.are
midennir.are
mirror.are
moria.are
newthalos.are
bazaar.are
nirvana.are
ofcol.are
pyramid.are
sewer.are
school.are
trollden.are
valley.are
wyvern.are
atlantis.are
ciquala2.are
dara.are
enclave.are
whouse.are
newbie.are
zoo2.are
ancala.are
crypt.are
graye.are
kerofk.are
weird.are
crypt4.are
gtown.are
clans.are
village.are
amazon.are
allfim.are
prison.are
necrmncr.are
kastalia.are
hobkeep.are
icecave.are
cavhero.are
adleh.are
additional_areas/animal.are
additional_areas/faerie.are
additional_areas/firetop.are
additional_areas/malathar.are
additional_areas/mtdoom.are
additional_areas/under.are
additional_areas/valleygl.are
additional_areas/warkeep.are
additional_areas/isledead.are
additional_areas/frstdead.are
additional_areas/hochenya.are
additional_areas/caergoth.are
additional_areas/orchold.are
additional_areas/giants/steading.are
additional_areas/giants/rift.are
additional_areas/giants/firehall.are
additional_areas/gerighelm.are
additional_areas/newtown.are
additional_areas/titan.are
additional_areas/steab.are
$
